Microsoft Windows [Version 10.0.18363.1139]
(c) 2019 Microsoft Corporation. All rights reserved.

C:\Users\LG>cd \

C:\>cd practice\node.js\nodejs_notepad_croller

C:\practice\node.js\nodejs_notepad_croller>node main_httprequest.js
hello

C:\practice\node.js\nodejs_notepad_croller>node main_httprequest.js
hello
internal/modules/cjs/loader.js:969
  throw err;
  ^

Error: Cannot find module 'cheerio-httpcli'
Require stack:
- C:\practice\node.js\nodejs_notepad_croller\main_httprequest.js
    at Function.Module._resolveFilename (internal/modules/cjs/loader.js:966:15)
    at Function.Module._load (internal/modules/cjs/loader.js:842:27)
    at Module.require (internal/modules/cjs/loader.js:1026:19)
    at require (internal/modules/cjs/helpers.js:72:18)
    at Object.<anonymous> (C:\practice\node.js\nodejs_notepad_croller\main_httprequest.js:3:14)
    at Module._compile (internal/modules/cjs/loader.js:1138:30)
    at Object.Module._extensions..js (internal/modules/cjs/loader.js:1158:10)
    at Module.load (internal/modules/cjs/loader.js:986:32)
    at Function.Module._load (internal/modules/cjs/loader.js:879:14)
    at Function.executeUserEntryPoint [as runMain] (internal/modules/run_main.js:71:12) {
  code: 'MODULE_NOT_FOUND',
  requireStack: [
    'C:\\practice\\node.js\\nodejs_notepad_croller\\main_httprequest.js'
  ]
}

C:\practice\node.js\nodejs_notepad_croller>npm install --save httpcli
npm ERR! code E404
npm ERR! 404 Not Found - GET https://registry.npmjs.org/httpcli - Not found
npm ERR! 404
npm ERR! 404  'httpcli@latest' is not in the npm registry.
npm ERR! 404 You should bug the author to publish it (or use the name yourself!)
npm ERR! 404
npm ERR! 404 Note that you can also install from a
npm ERR! 404 tarball, folder, http url, or git url.

npm ERR! A complete log of this run can be found in:
npm ERR!     C:\Users\LG\AppData\Roaming\npm-cache\_logs\2020-11-11T07_29_31_468Z-debug.log

C:\practice\node.js\nodejs_notepad_croller>npm init
This utility will walk you through creating a package.json file.
It only covers the most common items, and tries to guess sensible defaults.

See `npm help init` for definitive documentation on these fields
and exactly what they do.

Use `npm install <pkg>` afterwards to install a package and
save it as a dependency in the package.json file.

Press ^C at any time to quit.
package name: (nodejs_notepad_croller)
version: (1.0.0)
description:
entry point: (main_httprequest.js)
test command:
git repository:
keywords:
author:
license: (ISC)
About to write to C:\practice\node.js\nodejs_notepad_croller\package.json:

{
  "name": "nodejs_notepad_croller",
  "version": "1.0.0",
  "description": "",
  "main": "main_httprequest.js",
  "scripts": {
    "test": "echo \"Error: no test specified\" && exit 1"
  },
  "author": "",
  "license": "ISC"
}


Is this OK? (yes)

C:\practice\node.js\nodejs_notepad_croller>npm install --save httpcli
npm ERR! code E404
npm ERR! 404 Not Found - GET https://registry.npmjs.org/httpcli - Not found
npm ERR! 404
npm ERR! 404  'httpcli@latest' is not in the npm registry.
npm ERR! 404 You should bug the author to publish it (or use the name yourself!)
npm ERR! 404
npm ERR! 404 Note that you can also install from a
npm ERR! 404 tarball, folder, http url, or git url.

npm ERR! A complete log of this run can be found in:
npm ERR!     C:\Users\LG\AppData\Roaming\npm-cache\_logs\2020-11-11T07_31_04_873Z-debug.log

C:\practice\node.js\nodejs_notepad_croller>npm install --save cheer io-httpcli
npm ERR! code E404
npm ERR! 404 Not Found - GET https://registry.npmjs.org/io-httpcli - Not found
npm ERR! 404
npm ERR! 404  'io-httpcli@latest' is not in the npm registry.
npm ERR! 404 You should bug the author to publish it (or use the name yourself!)
npm ERR! 404
npm ERR! 404 Note that you can also install from a
npm ERR! 404 tarball, folder, http url, or git url.

npm ERR! A complete log of this run can be found in:
npm ERR!     C:\Users\LG\AppData\Roaming\npm-cache\_logs\2020-11-11T07_31_59_309Z-debug.log

C:\practice\node.js\nodejs_notepad_croller>npm install --save cheerio-httpcli
npm WARN deprecated request@2.88.2: request has been deprecated, see https://github.com/request/request/issues/3142
npm WARN deprecated har-validator@5.1.5: this library is no longer supported
npm notice created a lockfile as package-lock.json. You should commit this file.
npm WARN nodejs_notepad_croller@1.0.0 No description
npm WARN nodejs_notepad_croller@1.0.0 No repository field.

+ cheerio-httpcli@0.8.1
added 121 packages from 141 contributors and audited 121 packages in 7.07s

7 packages are looking for funding
  run `npm fund` for details

found 0 vulnerabilities


C:\practice\node.js\nodejs_notepad_croller>node main_httprequest.js
hello
{
  'content-type': 'text/html; charset=UTF-8',
  date: 'Wed, 11 Nov 2020 07:34:12 GMT',
  expires: '-1',
  'cache-control': 'private, max-age=0',
  'strict-transport-security': 'max-age=31536000',
  p3p: 'CP="This is not a P3P policy! See g.co/p3phelp for more info."',
  'content-encoding': 'gzip',
  server: 'gws',
  'x-xss-protection': '0',
  'x-frame-options': 'SAMEORIGIN',
  'set-cookie': [
    '1P_JAR=2020-11-11-07; expires=Fri, 11-Dec-2020 07:34:12 GMT; path=/; domain=.google.com; Secure; SameSite=none',
    'NID=204=OkLEVoWvE8Yfm_gxoAy9LGkBojV6S-pOhItyy1SAK87y0O1_0H1ax5RQhCmQz-L85ajkgJ6r3gyhJeNKwZGgc0D3q31fuhy12BqNkrxoyOee3PZMV3xCa_-5MWZhzzOxqRKf8-25DPLv9tM3KQbim_D_DsVoG9S-AWsT-7k-r74; expires=Thu, 13-May-2021 07:34:12 GMT; path=/; domain=.google.com; Secure; HttpOnly; SameSite=none'
  ],
  'alt-svc': 'h3-Q050=":443"; ma=2592000,h3-29=":443"; ma=2592000,h3-T051=":443"; ma=2592000,h3-T050=":443"; ma=2592000,h3-Q046=":443"; ma=2592000,h3-Q043=":443"; ma=2592000,quic=":443"; ma=2592000; v="46,43"',
  connection: 'close',
  'transfer-encoding': 'chunked'
}
신사역 발레 - Google 검색
C:\practice\node.js\nodejs_notepad_croller\main_httprequest.js:10
        console.log($this).attr('href');
                    ^

ReferenceError: $this is not defined
    at Object.<anonymous> (C:\practice\node.js\nodejs_notepad_croller\main_httprequest.js:10:21)
    at initialize.exports.each (C:\practice\node.js\nodejs_notepad_croller\node_modules\cheerio\lib\api\traversing.js:300:24)
    at Object.callback (C:\practice\node.js\nodejs_notepad_croller\main_httprequest.js:9:12)
    at Client.<anonymous> (C:\practice\node.js\nodejs_notepad_croller\node_modules\cheerio-httpcli\lib\client.js:273:17)
    at Client.<anonymous> (C:\practice\node.js\nodejs_notepad_croller\node_modules\cheerio-httpcli\lib\client.js:217:9)
    at Request.self.callback (C:\practice\node.js\nodejs_notepad_croller\node_modules\request\request.js:185:22)
    at Request.emit (events.js:315:20)
    at Request.<anonymous> (C:\practice\node.js\nodejs_notepad_croller\node_modules\request\request.js:1154:10)
    at Request.emit (events.js:315:20)
    at Gunzip.<anonymous> (C:\practice\node.js\nodejs_notepad_croller\node_modules\request\request.js:1076:12)

C:\practice\node.js\nodejs_notepad_croller>node main_httprequest.js
hello
{
  'content-type': 'text/html; charset=UTF-8',
  date: 'Wed, 11 Nov 2020 07:34:51 GMT',
  expires: '-1',
  'cache-control': 'private, max-age=0',
  'strict-transport-security': 'max-age=31536000',
  p3p: 'CP="This is not a P3P policy! See g.co/p3phelp for more info."',
  'content-encoding': 'gzip',
  server: 'gws',
  'x-xss-protection': '0',
  'x-frame-options': 'SAMEORIGIN',
  'set-cookie': [
    '1P_JAR=2020-11-11-07; expires=Fri, 11-Dec-2020 07:34:51 GMT; path=/; domain=.google.com; Secure; SameSite=none',
    'NID=204=l9VWeR-Np6z_0tGo326xdttVCTSSMUTIenm4pOyerf3ZZfR3VZ_UgfE0UcYAZI_cK3QQVHA_b5KYwCJscWmoRhokSXte1KfvCikJ2qW8Vy1kELoEj---nl7l-o30DQnSIKMb1M2liZfd6_E6JVU18SRIL6WASFkM3tuAyAXorI8; expires=Thu, 13-May-2021 07:34:51 GMT; path=/; domain=.google.com; Secure; HttpOnly; SameSite=none'
  ],
  'alt-svc': 'h3-Q050=":443"; ma=2592000,h3-29=":443"; ma=2592000,h3-T051=":443"; ma=2592000,h3-T050=":443"; ma=2592000,h3-Q046=":443"; ma=2592000,h3-Q043=":443"; ma=2592000,quic=":443"; ma=2592000; v="46,43"',
  connection: 'close',
  'transfer-encoding': 'chunked'
}
인피니트 - Google 검색
C:\practice\node.js\nodejs_notepad_croller\main_httprequest.js:10
        console.log($this).attr('href');
                    ^

ReferenceError: $this is not defined
    at Object.<anonymous> (C:\practice\node.js\nodejs_notepad_croller\main_httprequest.js:10:21)
    at initialize.exports.each (C:\practice\node.js\nodejs_notepad_croller\node_modules\cheerio\lib\api\traversing.js:300:24)
    at Object.callback (C:\practice\node.js\nodejs_notepad_croller\main_httprequest.js:9:12)
    at Client.<anonymous> (C:\practice\node.js\nodejs_notepad_croller\node_modules\cheerio-httpcli\lib\client.js:273:17)
    at Client.<anonymous> (C:\practice\node.js\nodejs_notepad_croller\node_modules\cheerio-httpcli\lib\client.js:217:9)
    at Request.self.callback (C:\practice\node.js\nodejs_notepad_croller\node_modules\request\request.js:185:22)
    at Request.emit (events.js:315:20)
    at Request.<anonymous> (C:\practice\node.js\nodejs_notepad_croller\node_modules\request\request.js:1154:10)
    at Request.emit (events.js:315:20)
    at Gunzip.<anonymous> (C:\practice\node.js\nodejs_notepad_croller\node_modules\request\request.js:1076:12)

C:\practice\node.js\nodejs_notepad_croller>